// Jest Snapshot v1, https://goo.gl/fbAQLP

exports[`convertSuretypeToJsonSchema should convert types with dependencies 1`] = `
{
  "$comment": "Generated from validator.js by core-types-suretype (https://github.com/grantila/core-types-suretype)",
  "definitions": {
    "ChatLine": {
      "properties": {
        "line": {
          "type": "string",
        },
        "user": {
          "$ref": "#/definitions/User",
        },
      },
      "required": [
        "line",
      ],
      "title": "A chat line",
      "type": "object",
    },
    "User": {
      "description": "A user representation",
      "examples": [
        "{ firstName: "joe", id: "12345678" }",
      ],
      "properties": {
        "firstName": {
          "type": "string",
        },
        "id": {
          "minLength": 8,
          "type": "string",
        },
      },
      "required": [
        "firstName",
        "id",
      ],
      "title": "The user type",
      "type": "object",
    },
  },
}
`;
